{"level":"start","msg":"Rolling restart [1/2]","subject":"Deployment/default/api","ts":"2026-03-15T15:04:05Z"}
{"level":"poll","msg":"rollout updated=1/2 ready=1/2 available=1/2","subject":"Deployment/default/api","ts":"2026-03-15T15:04:05Z"}
{"level":"done","msg":"Complete","subject":"Deployment/default/api","ts":"2026-03-15T15:04:05Z"}
